.ci/Jenkinsfile-compile
.github/workflows/compile_linux.yml
boards/px4/t113/cmake/upload.cmake
boards/px4/t113/default.px4board
boards/px4/t113/init/run.sh
boards/px4/t113/init/run_core.sh
boards/px4/t113/src/CMakeLists.txt
boards/px4/t113/src/board_config.h
boards/px4/t113/src/board_pwm_out.cpp
boards/px4/t113/src/board_pwm_out.h
boards/px4/t113/src/i2c.cpp
boards/px4/t113/src/spi.cpp
platforms/posix/cmake/Toolchain-arm-none-linux-gnueabihf.cmake
posix-configs/t113/pilotpi_fw.config
posix-configs/t113/pilotpi_mc.config
posix-configs/t113/px4.config
posix-configs/t113/px4_fw.config
posix-configs/t113/px4_hil.config
posix-configs/t113/px4_mc.config
posix-configs/t113/px4_test.config
src/drivers/auxio/CMakeLists.txt
src/drivers/auxio/Kconfig
src/drivers/auxio/auxio.cpp
src/drivers/auxio/auxio.hpp
src/drivers/auxio/module.yaml
src/drivers/distance_sensor/lightware_laser_serial/lightware_laser_serial.cpp
src/modules/battery_status/battery_status.cpp
src/modules/commander/commander_helper.cpp
src/modules/mavlink/streams/DISTANCE_SENSOR.hpp
